// Jest Snapshot v1, https://goo.gl/fbAQLP

exports[`renders the elements 1`] = `
Vue {
  "$attrs": Object {},
  "$children": Array [],
  "$createElement": [Function],
  "$listeners": Object {},
  "$options": Object {
    "_base": [Function],
    "components": Object {},
    "data": [Function],
    "directives": Object {},
    "filters": Object {},
    "methods": Object {
      "insertAvatar": [Function],
      "onSelectFile": [Function],
      "openSelection": [Function],
      "removeSelection": [Function],
    },
    "render": [Function],
    "staticRenderFns": Array [],
  },
  "$parent": undefined,
  "$refs": Object {},
  "$root": [Circular],
  "$scopedSlots": Object {},
  "$slots": Object {},
  "$vnode": undefined,
  "_c": [Function],
  "_data": Object {
    "closeUponSelectImage": true,
    "file": "",
    "imageData": "",
    "switch": false,
  },
  "_directInactive": false,
  "_events": Object {},
  "_hasHookEvent": false,
  "_inactive": null,
  "_isBeingDestroyed": false,
  "_isDestroyed": false,
  "_isMounted": false,
  "_isVue": true,
  "_renderProxy": Vue {
    "$attrs": Object {},
    "$children": Array [],
    "$createElement": [Function],
    "$listeners": Object {},
    "$options": Object {
      "_base": [Function],
      "components": Object {},
      "data": [Function],
      "directives": Object {},
      "filters": Object {},
      "methods": Object {
        "insertAvatar": [Function],
        "onSelectFile": [Function],
        "openSelection": [Function],
        "removeSelection": [Function],
      },
      "render": [Function],
      "staticRenderFns": Array [],
    },
    "$parent": undefined,
    "$refs": Object {},
    "$root": [Circular],
    "$scopedSlots": Object {},
    "$slots": Object {},
    "$vnode": undefined,
    "_c": [Function],
    "_data": Object {
      "closeUponSelectImage": true,
      "file": "",
      "imageData": "",
      "switch": false,
    },
    "_directInactive": false,
    "_events": Object {},
    "_hasHookEvent": false,
    "_inactive": null,
    "_isBeingDestroyed": false,
    "_isDestroyed": false,
    "_isMounted": false,
    "_isVue": true,
    "_renderProxy": [Circular],
    "_self": [Circular],
    "_staticTrees": null,
    "_uid": 0,
    "_vnode": null,
    "_watcher": null,
    "_watchers": Array [],
    "closeUponSelectImage": true,
    "file": "",
    "imageData": "",
    "insertAvatar": [Function],
    "onSelectFile": [Function],
    "openSelection": [Function],
    "removeSelection": [Function],
    "switch": false,
  },
  "_self": [Circular],
  "_staticTrees": null,
  "_uid": 0,
  "_vnode": null,
  "_watcher": null,
  "_watchers": Array [],
  "closeUponSelectImage": true,
  "file": "",
  "imageData": "",
  "insertAvatar": [Function],
  "onSelectFile": [Function],
  "openSelection": [Function],
  "removeSelection": [Function],
  "switch": false,
}
`;
