// Jest Snapshot v1, https://goo.gl/fbAQLP

exports[`renders the elements 1`] = `
Vue {
  "$attrs": Object {},
  "$children": Array [],
  "$createElement": [Function],
  "$listeners": Object {},
  "$options": Object {
    "_base": [Function],
    "components": Object {
      "AddButton": Object {
        "methods": Object {
          "showFullModal": [Function],
        },
        "render": [Function],
        "staticRenderFns": Array [],
      },
      "Avatar": Object {
        "data": [Function],
        "methods": Object {
          "insertAvatar": [Function],
          "onSelectFile": [Function],
          "openSelection": [Function],
          "removeSelection": [Function],
        },
        "render": [Function],
        "staticRenderFns": Array [],
      },
      "Nav": Object {
        "data": [Function],
        "methods": Object {
          "logout": [Function],
          "popLogOutBtn": [Function],
        },
        "render": [Function],
        "staticRenderFns": Array [],
      },
      "Search": Object {
        "data": [Function],
        "props": Object {
          "countryList": Object {
            "default": Array [],
            "type": [Function],
          },
        },
        "render": [Function],
        "staticRenderFns": Array [],
      },
      "WishListModal": Object {
        "computed": Object {
          "populate": [Function],
        },
        "data": [Function],
        "methods": Object {
          "inputslist": [Function],
          "onSelectFile": [Function],
          "submit": [Function],
        },
        "mounted": [Function],
        "render": [Function],
        "staticRenderFns": Array [],
      },
    },
    "data": [Function],
    "directives": Object {},
    "filters": Object {},
    "render": [Function],
    "staticRenderFns": Array [],
  },
  "$parent": undefined,
  "$refs": Object {},
  "$root": [Circular],
  "$scopedSlots": Object {},
  "$slots": Object {},
  "$vnode": undefined,
  "_c": [Function],
  "_data": Object {
    "wishList": Array [
      undefined,
      undefined,
      undefined,
      undefined,
      undefined,
      undefined,
      undefined,
      undefined,
      undefined,
      1,
      1,
      1,
      1,
      1,
      1,
      1,
      1,
      1,
      1,
      1,
      1,
      1,
      1,
      1,
      1,
      1,
      1,
      1,
      1,
      1,
    ],
  },
  "_directInactive": false,
  "_events": Object {},
  "_hasHookEvent": false,
  "_inactive": null,
  "_isBeingDestroyed": false,
  "_isDestroyed": false,
  "_isMounted": false,
  "_isVue": true,
  "_renderProxy": Vue {
    "$attrs": Object {},
    "$children": Array [],
    "$createElement": [Function],
    "$listeners": Object {},
    "$options": Object {
      "_base": [Function],
      "components": Object {
        "AddButton": Object {
          "methods": Object {
            "showFullModal": [Function],
          },
          "render": [Function],
          "staticRenderFns": Array [],
        },
        "Avatar": Object {
          "data": [Function],
          "methods": Object {
            "insertAvatar": [Function],
            "onSelectFile": [Function],
            "openSelection": [Function],
            "removeSelection": [Function],
          },
          "render": [Function],
          "staticRenderFns": Array [],
        },
        "Nav": Object {
          "data": [Function],
          "methods": Object {
            "logout": [Function],
            "popLogOutBtn": [Function],
          },
          "render": [Function],
          "staticRenderFns": Array [],
        },
        "Search": Object {
          "data": [Function],
          "props": Object {
            "countryList": Object {
              "default": Array [],
              "type": [Function],
            },
          },
          "render": [Function],
          "staticRenderFns": Array [],
        },
        "WishListModal": Object {
          "computed": Object {
            "populate": [Function],
          },
          "data": [Function],
          "methods": Object {
            "inputslist": [Function],
            "onSelectFile": [Function],
            "submit": [Function],
          },
          "mounted": [Function],
          "render": [Function],
          "staticRenderFns": Array [],
        },
      },
      "data": [Function],
      "directives": Object {},
      "filters": Object {},
      "render": [Function],
      "staticRenderFns": Array [],
    },
    "$parent": undefined,
    "$refs": Object {},
    "$root": [Circular],
    "$scopedSlots": Object {},
    "$slots": Object {},
    "$vnode": undefined,
    "_c": [Function],
    "_data": Object {
      "wishList": Array [
        undefined,
        undefined,
        undefined,
        undefined,
        undefined,
        undefined,
        undefined,
        undefined,
        undefined,
        1,
        1,
        1,
        1,
        1,
        1,
        1,
        1,
        1,
        1,
        1,
        1,
        1,
        1,
        1,
        1,
        1,
        1,
        1,
        1,
        1,
      ],
    },
    "_directInactive": false,
    "_events": Object {},
    "_hasHookEvent": false,
    "_inactive": null,
    "_isBeingDestroyed": false,
    "_isDestroyed": false,
    "_isMounted": false,
    "_isVue": true,
    "_renderProxy": [Circular],
    "_self": [Circular],
    "_staticTrees": null,
    "_uid": 0,
    "_vnode": null,
    "_watcher": null,
    "_watchers": Array [],
    "wishList": Array [
      undefined,
      undefined,
      undefined,
      undefined,
      undefined,
      undefined,
      undefined,
      undefined,
      undefined,
      1,
      1,
      1,
      1,
      1,
      1,
      1,
      1,
      1,
      1,
      1,
      1,
      1,
      1,
      1,
      1,
      1,
      1,
      1,
      1,
      1,
    ],
  },
  "_self": [Circular],
  "_staticTrees": null,
  "_uid": 0,
  "_vnode": null,
  "_watcher": null,
  "_watchers": Array [],
  "wishList": Array [
    undefined,
    undefined,
    undefined,
    undefined,
    undefined,
    undefined,
    undefined,
    undefined,
    undefined,
    1,
    1,
    1,
    1,
    1,
    1,
    1,
    1,
    1,
    1,
    1,
    1,
    1,
    1,
    1,
    1,
    1,
    1,
    1,
    1,
    1,
  ],
}
`;
